Microchip MPLAB XC8 Compiler V1.45 ()

Linker command line:

-W-3 --edf=C:\Program Files (x86)\Microchip\xc8\v1.45\dat\en_msgs.txt -cs \
  -h+dist/default/production\aula6.X.production.sym \
  --cmf=dist/default/production\aula6.X.production.cmf -z -Q16F870 \
  -oC:\Users\Mateus\AppData\Local\Temp\s5uk.2 \
  -Mdist/default/production/aula6.X.production.map -E1 -ver=XC8 \
  -ASTACK=03Ah-06fh -pstack=STACK -ACODE=00h-07FFh -ASTRCODE=00h-07FFh \
  -ASTRING=00h-0FFhx8 -ACONST=00h-0FFhx8 -AENTRY=00h-0FFhx8 \
  -ACOMMON=070h-07Fh -ABANK0=020h-06Fh -ABANK1=0A0h-0BFh \
  -ARAM=020h-06Fh,0A0h-0BFh -AABS1=020h-07Fh,0A0h-0BFh -ASFR0=00h-01Fh \
  -ASFR1=080h-09Fh -ASFR2=0100h-016Fh -ASFR3=0180h-01EFh \
  -preset_vec=00h,intentry,init,end_init -ppowerup=CODE -pcinit=CODE \
  -pfunctab=ENTRY -ACONFIG=02007h-02007h -pconfig=CONFIG -DCONFIG=2 \
  -AIDLOC=02000h-02003h -pidloc=IDLOC -DIDLOC=2 -AEEDATA=00h-03Fh/02100h \
  -peeprom_data=EEDATA -DEEDATA=2 -DCODE=2 -DSTRCODE=2 -DSTRING=2 -DCONST=2 \
  -DENTRY=2 -k C:\Users\Mateus\AppData\Local\Temp\s5uk.obj \
  dist/default/production\aula6.X.production.obj 

Object code version is 3.11

Machine type is 16F870



                Name                               Link     Load   Length Selector   Space Scale
C:\Users\Mateus\AppData\Local\Temp\s5uk.obj
                end_init                              0        0        1        0       0
                config                             2007     2007        1     400E       0
dist/default/production\aula6.X.production.obj
                cinit                               7F4      7F4        C      FE8       0
                swtext3                               1        1        A        2       0
                text5                               657      657       3A      CAE       0
                swtext2                              13       13        8        2       0
                text4                               6EA      6EA       78      DD4       0
                swtext1                               B        B        8        2       0
                text3                               691      691       59      D22       0
                text2                               619      619       11      C32       0
                text1                               762      762       92      EC4       0
                maintext                            62A      62A       15      C54       0
                cstackBANK0                          38       38        2       20       1
                cstackCOMMON                         70       70        E       70       1
                inittext                            60A      60A        F      C14       0
                dataBANK0                            20       20       18       20       1
                idataBANK0                          63F      63F       18      C7E       0

TOTAL           Name                               Link     Load   Length     Space
        CLASS   STACK          

        CLASS   CODE           
                end_init                              0        0        1         0
                cinit                               7F4      7F4        C         0
                text5                               657      657       3A         0
                text4                               6EA      6EA       78         0
                text3                               691      691       59         0
                text2                               619      619       11         0
                text1                               762      762       92         0
                maintext                            62A      62A       15         0
                inittext                            60A      60A        F         0
                idataBANK0                          63F      63F       18         0

        CLASS   STRCODE        

        CLASS   STRING         

        CLASS   CONST          
                swtext3                               1        1        A         0
                swtext2                              13       13        8         0
                swtext1                               B        B        8         0

        CLASS   ENTRY          

        CLASS   COMMON         
                cstackCOMMON                         70       70        E         1

        CLASS   BANK0          
                cstackBANK0                          38       38        2         1
                dataBANK0                            20       20       18         1

        CLASS   BANK1          

        CLASS   RAM            

        CLASS   ABS1           
                abs_s1                               7E       7E        2         1

        CLASS   SFR0           

        CLASS   SFR1           

        CLASS   SFR2           

        CLASS   SFR3           

        CLASS   CONFIG         
                config                             2007     2007        1         0

        CLASS   IDLOC          

        CLASS   EEDATA         

        CLASS   BANK3          

        CLASS   BANK2          



SEGMENTS        Name                           Load    Length   Top    Selector   Space  Class     Delta

                reset_vec                      000000  000001  000001         0       0  CODE        2
                swtext3                        000001  00001A  00001B         2       0  CONST       2
                dataBANK0                      000020  00001A  00003A        20       1  BANK0       1
                cstackCOMMON                   000070  00000E  00007E        70       1  COMMON      1
                inittext                       00060A  00000F  000619       C14       0  CODE        2
                text2                          000619  000011  00062A       C32       0  CODE        2
                maintext                       00062A  000015  00063F       C54       0  CODE        2
                idataBANK0                     00063F  000018  000657       C7E       0  CODE        2
                text5                          000657  00003A  000691       CAE       0  CODE        2
                text3                          000691  000059  0006EA       D22       0  CODE        2
                text4                          0006EA  000078  000762       DD4       0  CODE        2
                text1                          000762  000092  0007F4       EC4       0  CODE        2
                cinit                          0007F4  00000C  000800       FE8       0  CODE        2
                config                         002007  000001  002008      400E       0  CONFIG      2


UNUSED ADDRESS RANGES

        Name                Unused          Largest block    Delta
        BANK0            003A-006F             36           1
        BANK1            00A0-00BF             20           1
        CODE             001B-0609            5EF           2
        CONST            001B-0609            100           2
        EEDATA           2100-213F             40           2
        ENTRY            001B-0609            100           2
        IDLOC            2000-2003              4           2
        RAM              003A-006F             36           1
                         00A0-00BF             20
        SFR0             0000-001F             20           1
        SFR1             0080-009F             20           1
        SFR2             0100-016F             70           1
        SFR3             0180-01EF             70           1
        STACK            003A-006F             36           1
        STRCODE          001B-0609            5EF           2
        STRING           001B-0609            100           2

                                  Symbol Table

?_PORTC_read                     cstackCOMMON 0070
?_teclado_matricial_read         cstackCOMMON 0075
PORTC_read@i                     cstackCOMMON 0070
PORTC_write@i                    cstackCOMMON 0070
PORTC_write@v                    cstackCOMMON 0072
_PORTB                           (abs)        0006
_PORTC_read                      text4        06EA
_PORTC_write                     text3        0691
_PORTCbits                       (abs)        0007
_TRISB                           (abs)        0086
_TRISC                           (abs)        0087
__CFG_BOREN$ON                   (abs)        0000
__CFG_CP$OFF                     (abs)        0000
__CFG_CPD$OFF                    (abs)        0000
__CFG_FOSC$HS                    (abs)        0000
__CFG_LVP$OFF                    (abs)        0000
__CFG_PWRTE$OFF                  (abs)        0000
__CFG_WDTE$OFF                   (abs)        0000
__CFG_WRT$OFF                    (abs)        0000
__Habs1                          abs1         0000
__Hbank0                         bank0        0000
__Hbank1                         bank1        0000
__Hbank2                         bank2        0000
__Hbank3                         bank3        0000
__Hcinit                         cinit        0800
__Hclrtext                       clrtext      0000
__Hcode                          code         0000
__Hcommon                        common       0000
__Hconfig                        config       2008
__HcstackBANK0                   cstackBANK0  0000
__HcstackCOMMON                  cstackCOMMON 0000
__HdataBANK0                     dataBANK0    0000
__Heeprom_data                   eeprom_data  0000
__Hend_init                      end_init     0001
__Hfunctab                       functab      0000
__HidataBANK0                    idataBANK0   0000
__Hidloc                         idloc        0000
__Hinit                          init         0000
__Hinittext                      inittext     0000
__Hintentry                      intentry     0000
__Hmaintext                      maintext     0000
__Hpowerup                       powerup      0000
__Hram                           ram          0000
__Hreset_vec                     reset_vec    0000
__Hsfr0                          sfr0         0000
__Hsfr1                          sfr1         0000
__Hsfr2                          sfr2         0000
__Hsfr3                          sfr3         0000
__Hspace_0                       (abs)        2008
__Hspace_1                       (abs)        007E
__Hspace_2                       (abs)        0000
__Hspace_3                       (abs)        0000
__Hstack                         stack        0000
__Hstrings                       strings      0000
__Htext                          text         0000
__Labs1                          abs1         0000
__Lbank0                         bank0        0000
__Lbank1                         bank1        0000
__Lbank2                         bank2        0000
__Lbank3                         bank3        0000
__Lcinit                         cinit        07F4
__Lclrtext                       clrtext      0000
__Lcode                          code         0000
__Lcommon                        common       0000
__Lconfig                        config       2007
__LcstackBANK0                   cstackBANK0  0000
__LcstackCOMMON                  cstackCOMMON 0000
__LdataBANK0                     dataBANK0    0000
__Leeprom_data                   eeprom_data  0000
__Lend_init                      end_init     0000
__Lfunctab                       functab      0000
__LidataBANK0                    idataBANK0   0000
__Lidloc                         idloc        0000
__Linit                          init         0000
__Linittext                      inittext     0000
__Lintentry                      intentry     0000
__Lmaintext                      maintext     0000
__Lpowerup                       powerup      0000
__Lram                           ram          0000
__Lreset_vec                     reset_vec    0000
__Lsfr0                          sfr0         0000
__Lsfr1                          sfr1         0000
__Lsfr2                          sfr2         0000
__Lsfr3                          sfr3         0000
__Lspace_0                       (abs)        0000
__Lspace_1                       (abs)        0000
__Lspace_2                       (abs)        0000
__Lspace_3                       (abs)        0000
__Lstack                         stack        0000
__Lstrings                       strings      0000
__Ltext                          text         0000
__S0                             (abs)        2008
__S1                             (abs)        007E
__S2                             (abs)        0000
__S3                             (abs)        0000
___bmul                          text2        0619
___bmul@multiplicand             cstackCOMMON 0070
___bmul@multiplier               cstackCOMMON 0073
___bmul@product                  cstackCOMMON 0072
___int_sp                        stack        0000
___latbits                       (abs)        0000
___sp                            stack        0000
__end_of_PORTC_read              text4        0762
__end_of_PORTC_write             text3        06EA
__end_of___bmul                  text2        062A
__end_of__initialization         cinit        07FE
__end_of_main                    maintext     063F
__end_of_print_7_seg             text5        0691
__end_of_teclado_matricial_read  text1        07F4
__initialization                 cinit        07F4
__pcstackBANK0                   cstackBANK0  0038
__pcstackCOMMON                  cstackCOMMON 0070
__pdataBANK0                     dataBANK0    0020
__pidataBANK0                    idataBANK0   063F
__pmaintext                      maintext     062A
__pswtext1                       swtext1      000B
__pswtext2                       swtext2      0013
__pswtext3                       swtext3      0001
__ptext1                         text1        0762
__ptext2                         text2        0619
__ptext3                         text3        0691
__ptext4                         text4        06EA
__ptext5                         text5        0657
__size_of_PORTC_read             (abs)        0000
__size_of_PORTC_write            (abs)        0000
__size_of___bmul                 (abs)        0000
__size_of_main                   (abs)        0000
__size_of_print_7_seg            (abs)        0000
__size_of_teclado_matricial_read (abs)        0000
_main                            maintext     062A
_matriz                          dataBANK0    0020
_print_7_seg                     text5        0657
_teclado_matricial_read          text1        0762
btemp                            (abs)        007E
end_of_initialization            cinit        07FE
init_fetch0                      inittext     060A
init_ram0                        inittext     060E
intlevel0                        functab      0000
intlevel1                        functab      0000
intlevel2                        functab      0000
intlevel3                        functab      0000
intlevel4                        functab      0000
intlevel5                        functab      0000
main@i                           cstackBANK0  0038
print_7_seg@i                    cstackCOMMON 0070
reset_vec                        reset_vec    0000
stackhi                          (abs)        0000
stacklo                          (abs)        0000
start                            init         0000
start_initialization             cinit        07F4
teclado_matricial_read@i         cstackCOMMON 007C
teclado_matricial_read@j         cstackCOMMON 007A
wtemp0                           (abs)        007E


FUNCTION INFORMATION:

 *************** function _main *****************
 Defined at:
		line 12 in file "main.c"
 Parameters:    Size  Location     Type
		None
 Auto vars:     Size  Location     Type
  i               2    0[BANK0 ] int 
 Return value:  Size  Location     Type
                  1    wreg      void 
 Registers used:
		wreg, fsr0l, fsr0h, status,2, status,0, btemp+1, pclath, cstack
 Tracked objects:
		On entry : 
		On exit  : 
		Unchanged: 
 Data sizes:     COMMON   BANK0   BANK1
      Params:         0       0       0
      Locals:         0       2       0
      Temps:          0       0       0
      Totals:         0       2       0
Total ram usage:        2 bytes
 Hardware stack levels required when called:    2
 This function calls:
		_print_7_seg
		_teclado_matricial_read
 This function is called by:
		Startup code after reset
 This function uses a non-reentrant model


 *************** function _teclado_matricial_read *****************
 Defined at:
		line 73 in file "teclado_matricial_4x3.c"
 Parameters:    Size  Location     Type
		None
 Auto vars:     Size  Location     Type
  i               2   12[COMMON] int 
  j               2   10[COMMON] int 
 Return value:  Size  Location     Type
                  2    5[COMMON] int 
 Registers used:
		wreg, fsr0l, fsr0h, status,2, status,0, btemp+1, pclath, cstack
 Tracked objects:
		On entry : 
		On exit  : 
		Unchanged: 
 Data sizes:     COMMON   BANK0   BANK1
      Params:         2       0       0
      Locals:         4       0       0
      Temps:          3       0       0
      Totals:         9       0       0
Total ram usage:        9 bytes
 Hardware stack levels used:    1
 Hardware stack levels required when called:    1
 This function calls:
		_PORTC_read
		_PORTC_write
		___bmul
 This function is called by:
		_main
 This function uses a non-reentrant model


 *************** function ___bmul *****************
 Defined at:
		line 4 in file "C:\Program Files (x86)\Microchip\xc8\v1.45\sources\common\Umul8.c"
 Parameters:    Size  Location     Type
  multiplier      1    wreg     unsigned char 
  multiplicand    1    0[COMMON] unsigned char 
 Auto vars:     Size  Location     Type
  multiplier      1    3[COMMON] unsigned char 
  product         1    2[COMMON] unsigned char 
 Return value:  Size  Location     Type
                  1    wreg      unsigned char 
 Registers used:
		wreg, status,2, status,0
 Tracked objects:
		On entry : 
		On exit  : 
		Unchanged: 
 Data sizes:     COMMON   BANK0   BANK1
      Params:         1       0       0
      Locals:         2       0       0
      Temps:          1       0       0
      Totals:         4       0       0
Total ram usage:        4 bytes
 Hardware stack levels used:    1
 This function calls:
		Nothing
 This function is called by:
		_teclado_matricial_read
 This function uses a non-reentrant model


 *************** function _PORTC_write *****************
 Defined at:
		line 39 in file "teclado_matricial_4x3.c"
 Parameters:    Size  Location     Type
  i               2    0[COMMON] int 
  v               2    2[COMMON] unsigned int 
 Auto vars:     Size  Location     Type
		None
 Return value:  Size  Location     Type
                  1    wreg      void 
 Registers used:
		wreg, fsr0l, fsr0h, status,2, status,0
 Tracked objects:
		On entry : 
		On exit  : 
		Unchanged: 
 Data sizes:     COMMON   BANK0   BANK1
      Params:         4       0       0
      Locals:         0       0       0
      Temps:          0       0       0
      Totals:         4       0       0
Total ram usage:        4 bytes
 Hardware stack levels used:    1
 This function calls:
		Nothing
 This function is called by:
		_teclado_matricial_read
 This function uses a non-reentrant model


 *************** function _PORTC_read *****************
 Defined at:
		line 16 in file "teclado_matricial_4x3.c"
 Parameters:    Size  Location     Type
  i               2    0[COMMON] int 
 Auto vars:     Size  Location     Type
		None
 Return value:  Size  Location     Type
                  2    0[COMMON] unsigned int 
 Registers used:
		wreg, fsr0l, fsr0h, status,2, status,0
 Tracked objects:
		On entry : 
		On exit  : 
		Unchanged: 
 Data sizes:     COMMON   BANK0   BANK1
      Params:         2       0       0
      Locals:         0       0       0
      Temps:          3       0       0
      Totals:         5       0       0
Total ram usage:        5 bytes
 Hardware stack levels used:    1
 This function calls:
		Nothing
 This function is called by:
		_teclado_matricial_read
 This function uses a non-reentrant model


 *************** function _print_7_seg *****************
 Defined at:
		line 9 in file "display7segmentos.c"
 Parameters:    Size  Location     Type
  i               2    0[COMMON] int 
 Auto vars:     Size  Location     Type
		None
 Return value:  Size  Location     Type
                  1    wreg      void 
 Registers used:
		wreg, fsr0l, fsr0h, status,2, status,0
 Tracked objects:
		On entry : 
		On exit  : 
		Unchanged: 
 Data sizes:     COMMON   BANK0   BANK1
      Params:         2       0       0
      Locals:         0       0       0
      Temps:          0       0       0
      Totals:         2       0       0
Total ram usage:        2 bytes
 Hardware stack levels used:    1
 This function calls:
		Nothing
 This function is called by:
		_main
 This function uses a non-reentrant model



MODULE INFORMATION

Module		Function		Class		Link	Load	Size
teclado_matricial_4x3.c
		_PORTC_read    		CODE           	06EA	0000	121
		_teclado_matricial_read		CODE           	0762	0000	147
		_PORTC_write   		CODE           	0691	0000	90

teclado_matricial_4x3.c estimated size: 358

shared
		__initialization		CODE           	07F4	0000	11

shared estimated size: 11

display7segmentos.c
		_print_7_seg   		CODE           	0657	0000	59

display7segmentos.c estimated size: 59

C:\Program Files (x86)\Microchip\xc8\v1.45\sources\common\Umul8.c
		___bmul        		CODE           	0619	0000	18

C:\Program Files (x86)\Microchip\xc8\v1.45\sources\common\Umul8.c estimated size: 18

main.c
		_main          		CODE           	062A	0000	22

main.c estimated size: 22

